Microchip MPLAB XC8 Compiler V2.50

Linker command line:

-W-3 --edf=/Applications/microchip/xc8/v2.50/pic/dat/20240725155939_en.msgs \
  -cn -h+dist/default/debug/SAZANKA_PowerBoard2024.X.debug.sym \
  --cmf=dist/default/debug/SAZANKA_PowerBoard2024.X.debug.cmf -z -Q16F1705 \
  -o/tmp/xcw0cC4g0/driver_tmp_3.o --defsym=__MPLAB_BUILD=1 \
  --fixupoverflow=error \
  -Mdist/default/debug/SAZANKA_PowerBoard2024.X.debug.map \
  --md=/tmp/xcw0cC4g0/driver_tmp_0.dat -E1 -ver=XC8 Compiler --acfsm=1493 \
  -ACODE=00h-07FFhx4 -ASTRCODE=00h-01FFFh -ASTRING=00h-0FFhx32 \
  -ACONST=00h-0FFhx32 -AENTRY=00h-0FFhx32 -ACOMMON=070h-07Fh \
  -ABANK0=020h-06Fh -ABANK1=0A0h-0EFh -ABANK2=0120h-016Fh \
  -ABANK3=01A0h-01EFh -ABANK4=0220h-026Fh -ABANK5=02A0h-02EFh \
  -ABANK6=0320h-036Fh -ABANK7=03A0h-03EFh -ABANK8=0420h-046Fh \
  -ABANK9=04A0h-04EFh -ABANK10=0520h-056Fh -ABANK11=05A0h-05EFh \
  -ABANK12=0620h-064Fh -ABIGRAM=02000h-023EFh \
  -ARAM=020h-06Fh,0A0h-0EFh,0120h-016Fh,01A0h-01EFh,0220h-026Fh,02A0h-02EFh,0320h-036Fh,03A0h-03EFh,0420h-046Fh,04A0h-04EFh,0520h-056Fh,05A0h-05EFh,0620h-064Fh \
  -AABS1=020h-07Fh,0A0h-0EFh,0120h-016Fh,01A0h-01EFh,0220h-026Fh,02A0h-02EFh,0320h-036Fh,03A0h-03EFh,0420h-046Fh,04A0h-04EFh,0520h-056Fh,05A0h-05EFh,0620h-064Fh \
  -ASFR0=00h-01Fh -ASFR1=080h-09Fh -ASFR2=0100h-011Fh -ASFR3=0180h-019Fh \
  -ASFR4=0200h-021Fh -ASFR5=0280h-029Fh -ASFR6=0300h-031Fh \
  -ASFR7=0380h-039Fh -ASFR8=0400h-041Fh -ASFR9=0480h-049Fh \
  -ASFR10=0500h-051Fh -ASFR11=0580h-059Fh -ASFR12=0600h-061Fh \
  -ASFR13=0680h-06EFh -ASFR14=0700h-076Fh -ASFR15=0780h-07EFh \
  -ASFR16=0800h-086Fh -ASFR17=0880h-08EFh -ASFR18=0900h-096Fh \
  -ASFR19=0980h-09EFh -ASFR20=0A00h-0A6Fh -ASFR21=0A80h-0AEFh \
  -ASFR22=0B00h-0B6Fh -ASFR23=0B80h-0BEFh -ASFR24=0C00h-0C6Fh \
  -ASFR25=0C80h-0CEFh -ASFR26=0D00h-0D6Fh -ASFR27=0D80h-0DEFh \
  -ASFR28=0E00h-0E6Fh -ASFR29=0E80h-0EEFh -ASFR30=0F00h-0F6Fh \
  -ASFR31=0F80h-0FEFh -ACONFIG=08007h-08008h -DCONFIG=2 \
  -AIDLOC=08000h-08003h -DIDLOC=2 -DCODE=2 -DSTRCODE=2 -DSTRING=2 -DCONST=2 \
  -DENTRY=2 -preset_vec=00h,intentry=04h,sivt,init,end_init -ppowerup=CODE \
  -pcinit=CODE -pfunctab=ENTRY -k /tmp/xcw0cC4g0/driver_tmp_17.o \
  dist/default/debug/SAZANKA_PowerBoard2024.X.debug.o 

Object code version is 3.11

Machine type is 16F1705



                Name                               Link     Load   Length Selector   Space Scale
/tmp/xcw0cC4g0/driver_tmp_17.o
                end_init                             4A       4A        2        8       0
                reset_vec                             0        0        3        0       0
                config                             8007     8007        2        0       4
dist/default/debug/SAZANKA_PowerBoard2024.X.debug.o
                cinit                                4C       4C       2D        8       0
                intentry                              4        4       46        8       0
                config                             8007     8007        2        0       4
                text63                             1DE3     1DE3        1     3BC6       0
                text62                             1E43     1E43        F     3C86       0
                text61                             1000     1000        1     1B8A       0
                text60                             1DF5     1DF5        4     3BEA       0
                text59                             1DFF     1DFF        8     3BFE       0
                text58                             1043     1043       23     2086       0
                text57                             1001     1001       21     2002       0
                text56                             1F62     1F62       1F     3EC4       0
                text55                             11CF     11CF       5C     239E       0
                text54                             1EF2     1EF2       1A     3DE4       0
                text53                             1145     1145       3B     228A       0
                text52                                3        3        1        0       0
                text51                             1F81     1F81       1F     3F02       0
                text49                             1022     1022       21     2044       0
                text48                             1E52     1E52        F     3CA4       0
                text47                             1E07     1E07        9     3C0E       0
                text46                             1EB4     1EB4       14     3D68       0
                text45                             1E10     1E10        9     3C20       0
                text44                             1E61     1E61        F     3CC2       0
                text43                             1E70     1E70        F     3CE0       0
                text42                             1110     1110       35     2220       0
                text41                             1E19     1E19        9     3C32       0
                text40                             1E2B     1E2B        C     3C56       0
                text39                             10AD     10AD       2F     215A       0
                text38                             1E7F     1E7F       11     3CFE       0
                text37                             1EA1     1EA1       13     3D42       0
                text36                             1E22     1E22        9     3C44       0
                text35                             1DE6     1DE6        3     3BCC       0
                text34                              733      733       A5        8       0
                text33                             1DE9     1DE9        3     3BD2       0
                text32                             1DEC     1DEC        3     3BD8       0
                text31                             1DEF     1DEF        3     3BDE       0
                text30                             1DF2     1DF2        3     3BE4       0
                text29                             13D4     13D4       8B     27A8       0
                text28                             1F27     1F27       1D     3E4E       0
                text27                             1FA0     1FA0       20     3F40       0
                text26                              82C      82C      1AC     1058       0
                text25                             165C     165C      1A4     2CB8       0
                text24                             1180     1180       4F     2300       0
                text23                             1089     1089       24     2112       0
                text22                              DC5      DC5      23B     1B8A       0
                text21                             1E37     1E37        C     3C6E       0
                text20                              BB9      BB9      20C     1772       0
                text19                             1FC0     1FC0       20     3F80       0
                text18                             12E6     12E6       6F     25CC       0
                text17                             1355     1355       7F     26AA       0
                text16                             145F     145F       EB     28BE       0
                text15                             1EDC     1EDC       16     3DB8       0
                text14                             1066     1066       23     20CC       0
                text13                              800      800        8        8       0
                text12                              7D8      7D8       28        8       0
                text11                             1E90     1E90       11     3D20       0
                text10                             1288     1288       5E     2510       0
                text9                               808      808       24     1010       0
                text8                              10DC     10DC       34     21B8       0
                text7                              1F0C     1F0C       1B     3E18       0
                text6                                79       79      6BA        8       0
                text5                              1FE0     1FE0       20     3FC0       0
                text4                              122B     122B       5D     2456       0
                text3                              154A     154A      112     2A94       0
                text2                              1F44     1F44       1E     3E88       0
                text1                              1EC8     1EC8       14     3D90       0
                maintext                            9D8      9D8      1E1     13B0       0
                cstackBANK0                          20       20       50       20       1
                cstackCOMMON                         76       76        6       70       1
                cstackBANK1                          A0       A0       4B       A0       1
                cstackBANK2                         15B      15B        A      120       1
                cstackBANK3                         1A8      1A8        8      1A0       1
                clrtext                            1DF9     1DF9        6     3BF2       0
                bssBANK4                            220      220       50      220       1
                bssBANK3                            1A0      1A0        8      1A0       1
                dataBANK2                           16B      16B        2      120       1
                bssBANK2                            120      120       3B      120       1
                bssBANK1                             EB       EB        1       A0       1
                bssCOMMON                            70       70        6       70       1
                stringtext7                        188C     188C        4     3000       0
                stringtext6                        1888     1888        4     3000       0
                stringtext5                        1877     1877       11     3000       0
                stringtext4                        1863     1863       14     3000       0
                stringtext3                        184B     184B       18     3000       0
                stringtext2                        1830     1830       1B     3000       0
                nvBANK3                             1B0      1B0        2      1A0       1
                nvBANK2                             165      165        6      120       1
                stringtext1                        1800     1800       30     3000       0
                idataBANK2                         1DE4     1DE4        2     3BC8       0

TOTAL           Name                               Link     Load   Length     Space
        CLASS   CODE           
                end_init                             4A       4A        2         0
                cinit                                4C       4C       2D         0
                intentry                              4        4       46         0
                reset_vec                             0        0        3         0
                text63                             1DE3     1DE3        1         0
                text62                             1E43     1E43        F         0
                text61                             1000     1000        1         0
                text60                             1DF5     1DF5        4         0
                text59                             1DFF     1DFF        8         0
                text58                             1043     1043       23         0
                text57                             1001     1001       21         0
                text56                             1F62     1F62       1F         0
                text55                             11CF     11CF       5C         0
                text54                             1EF2     1EF2       1A         0
                text53                             1145     1145       3B         0
                text52                                3        3        1         0
                text51                             1F81     1F81       1F         0
                text49                             1022     1022       21         0
                text48                             1E52     1E52        F         0
                text47                             1E07     1E07        9         0
                text46                             1EB4     1EB4       14         0
                text45                             1E10     1E10        9         0
                text44                             1E61     1E61        F         0
                text43                             1E70     1E70        F         0
                text42                             1110     1110       35         0
                text41                             1E19     1E19        9         0
                text40                             1E2B     1E2B        C         0
                text39                             10AD     10AD       2F         0
                text38                             1E7F     1E7F       11         0
                text37                             1EA1     1EA1       13         0
                text36                             1E22     1E22        9         0
                text35                             1DE6     1DE6        3         0
                text34                              733      733       A5         0
                text33                             1DE9     1DE9        3         0
                text32                             1DEC     1DEC        3         0
                text31                             1DEF     1DEF        3         0
                text30                             1DF2     1DF2        3         0
                text29                             13D4     13D4       8B         0
                text28                             1F27     1F27       1D         0
                text27                             1FA0     1FA0       20         0
                text26                              82C      82C      1AC         0
                text25                             165C     165C      1A4         0
                text24                             1180     1180       4F         0
                text23                             1089     1089       24         0
                text22                              DC5      DC5      23B         0
                text21                             1E37     1E37        C         0
                text20                              BB9      BB9      20C         0
                text19                             1FC0     1FC0       20         0
                text18                             12E6     12E6       6F         0
                text17                             1355     1355       7F         0
                text16                             145F     145F       EB         0
                text15                             1EDC     1EDC       16         0
                text14                             1066     1066       23         0
                text13                              800      800        8         0
                text12                              7D8      7D8       28         0
                text11                             1E90     1E90       11         0
                text10                             1288     1288       5E         0
                text9                               808      808       24         0
                text8                              10DC     10DC       34         0
                text7                              1F0C     1F0C       1B         0
                text6                                79       79      6BA         0
                text5                              1FE0     1FE0       20         0
                text4                              122B     122B       5D         0
                text3                              154A     154A      112         0
                text2                              1F44     1F44       1E         0
                text1                              1EC8     1EC8       14         0
                maintext                            9D8      9D8      1E1         0
                clrtext                            1DF9     1DF9        6         0
                idataBANK2                         1DE4     1DE4        2         0

        CLASS   STRCODE        
                stringtext7                        188C     188C        4         0
                stringtext6                        1888     1888        4         0
                stringtext5                        1877     1877       11         0
                stringtext4                        1863     1863       14         0
                stringtext3                        184B     184B       18         0
                stringtext2                        1830     1830       1B         0
                stringtext1                        1800     1800       30         0

        CLASS   STRING         

        CLASS   CONST          

        CLASS   ENTRY          

        CLASS   COMMON         
                cstackCOMMON                         76       76        6         1
                bssCOMMON                            70       70        6         1

        CLASS   BANK0          
                cstackBANK0                          20       20       50         1

        CLASS   BANK1          
                cstackBANK1                          A0       A0       4B         1
                bssBANK1                             EB       EB        1         1

        CLASS   BANK2          
                cstackBANK2                         15B      15B        A         1
                dataBANK2                           16B      16B        2         1
                bssBANK2                            120      120       3B         1
                nvBANK2                             165      165        6         1

        CLASS   BANK3          
                cstackBANK3                         1A8      1A8        8         1
                bssBANK3                            1A0      1A0        8         1
                nvBANK3                             1B0      1B0        2         1

        CLASS   BANK4          
                bssBANK4                            220      220       50         1

        CLASS   BANK5          

        CLASS   BANK6          

        CLASS   BANK7          

        CLASS   BANK8          

        CLASS   BANK9          

        CLASS   BANK10         

        CLASS   BANK11         

        CLASS   BANK12         

        CLASS   BIGRAM         

        CLASS   RAM            

        CLASS   ABS1           
                abs_s1                               7E       7E        2         1

        CLASS   SFR0           

        CLASS   SFR1           

        CLASS   SFR2           

        CLASS   SFR3           

        CLASS   SFR4           

        CLASS   SFR5           

        CLASS   SFR6           

        CLASS   SFR7           

        CLASS   SFR8           

        CLASS   SFR9           

        CLASS   SFR10          

        CLASS   SFR11          

        CLASS   SFR12          

        CLASS   SFR13          

        CLASS   SFR14          

        CLASS   SFR15          

        CLASS   SFR16          

        CLASS   SFR17          

        CLASS   SFR18          

        CLASS   SFR19          

        CLASS   SFR20          

        CLASS   SFR21          

        CLASS   SFR22          

        CLASS   SFR23          

        CLASS   SFR24          

        CLASS   SFR25          

        CLASS   SFR26          

        CLASS   SFR27          

        CLASS   SFR28          

        CLASS   SFR29          

        CLASS   SFR30          

        CLASS   SFR31          

        CLASS   CONFIG         
                config                             8007     8007        2         4

        CLASS   IDLOC          

        CLASS   BANK31         

        CLASS   BANK30         

        CLASS   BANK29         

        CLASS   BANK28         

        CLASS   BANK27         

        CLASS   BANK26         

        CLASS   BANK25         

        CLASS   BANK24         

        CLASS   BANK23         

        CLASS   BANK22         

        CLASS   BANK21         

        CLASS   BANK20         

        CLASS   BANK19         

        CLASS   BANK18         

        CLASS   BANK17         

        CLASS   BANK16         

        CLASS   BANK15         

        CLASS   BANK14         

        CLASS   BANK13         

        CLASS   HEAP           

        CLASS   STACK          

        CLASS   EEDATA         



SEGMENTS        Name                           Load    Length   Top    Selector   Space  Class     Delta

                text23                         001089  000024  0010AD      2112       0  CODE        2
                text14                         001066  000023  001089      20CC       0  CODE        2
                text58                         001043  000023  001066      2086       0  CODE        2
                text9                          000808  000024  00082C      1010       0  CODE        2
                text8                          0010DC  000034  001110      21B8       0  CODE        2
                stringtext1                    001800  000090  001890      3000       0  STRCODE     2
                text39                         0010AD  00002F  0010DC      215A       0  CODE        2
                text49                         001022  000021  001043      2044       0  CODE        2
                text51                         001F81  00001F  001FA0      3F02       0  CODE        2
                text56                         001F62  00001F  001F81      3EC4       0  CODE        2
                text2                          001F44  00001E  001F62      3E88       0  CODE        2
                text27                         001FA0  000020  001FC0      3F40       0  CODE        2
                text57                         001001  000021  001022      2002       0  CODE        2
                text5                          001FE0  000020  002000      3FC0       0  CODE        2
                text19                         001FC0  000020  001FE0      3F80       0  CODE        2
                text3                          00154A  000112  00165C      2A94       0  CODE        2
                text16                         00145F  0000EB  00154A      28BE       0  CODE        2
                text29                         0013D4  00008B  00145F      27A8       0  CODE        2
                text25                         00165C  0001A4  001800      2CB8       0  CODE        2
                text20                         000BB9  00020C  000DC5      1772       0  CODE        2
                maintext                       0009D8  0001E1  000BB9      13B0       0  CODE        2
                text26                         00082C  0001AC  0009D8      1058       0  CODE        2
                text17                         001355  00007F  0013D4      26AA       0  CODE        2
                text24                         001180  00004F  0011CF      2300       0  CODE        2
                text53                         001145  00003B  001180      228A       0  CODE        2
                text42                         001110  000035  001145      2220       0  CODE        2
                text55                         0011CF  00005C  00122B      239E       0  CODE        2
                text18                         0012E6  00006F  001355      25CC       0  CODE        2
                text10                         001288  00005E  0012E6      2510       0  CODE        2
                text4                          00122B  00005D  001288      2456       0  CODE        2
                text59                         001DFF  000008  001E07      3BFE       0  CODE        2
                clrtext                        001DF9  000006  001DFF      3BF2       0  CODE        2
                text60                         001DF5  000004  001DF9      3BEA       0  CODE        2
                text47                         001E07  000009  001E10      3C0E       0  CODE        2
                text36                         001E22  000009  001E2B      3C44       0  CODE        2
                text41                         001E19  000009  001E22      3C32       0  CODE        2
                text45                         001E10  000009  001E19      3C20       0  CODE        2
                text30                         001DF2  000003  001DF5      3BE4       0  CODE        2
                idataBANK2                     001DE4  000002  001DE6      3BC8       0  CODE        2
                text63                         001DE3  000001  001DE4      3BC6       0  CODE        2
                text35                         001DE6  000003  001DE9      3BCC       0  CODE        2
                text31                         001DEF  000003  001DF2      3BDE       0  CODE        2
                text32                         001DEC  000003  001DEF      3BD8       0  CODE        2
                text33                         001DE9  000003  001DEC      3BD2       0  CODE        2
                text1                          001EC8  000014  001EDC      3D90       0  CODE        2
                text46                         001EB4  000014  001EC8      3D68       0  CODE        2
                text37                         001EA1  000013  001EB4      3D42       0  CODE        2
                text15                         001EDC  000016  001EF2      3DB8       0  CODE        2
                text28                         001F27  00001D  001F44      3E4E       0  CODE        2
                text7                          001F0C  00001B  001F27      3E18       0  CODE        2
                text54                         001EF2  00001A  001F0C      3DE4       0  CODE        2
                text11                         001E90  000011  001EA1      3D20       0  CODE        2
                text62                         001E43  00000F  001E52      3C86       0  CODE        2
                text21                         001E37  00000C  001E43      3C6E       0  CODE        2
                text40                         001E2B  00000C  001E37      3C56       0  CODE        2
                text48                         001E52  00000F  001E61      3CA4       0  CODE        2
                text38                         001E7F  000011  001E90      3CFE       0  CODE        2
                text43                         001E70  00000F  001E7F      3CE0       0  CODE        2
                text44                         001E61  00000F  001E70      3CC2       0  CODE        2
                cstackBANK1                    0000A0  00004C  0000EC        A0       1  BANK1       1
                cstackBANK0                    000020  000050  000070        20       1  BANK0       1
                bssBANK4                       000220  000050  000270       220       1  BANK4       1
                reset_vec                      000000  000004  000004         0       0  CODE        2
                bssBANK2                       000120  00004D  00016D       120       1  BANK2       1
                bssBANK3                       0001A0  000012  0001B2       1A0       1  BANK3       1
                intentry                       000004  000804  000808         8       0  CODE        2
                bssCOMMON                      000070  00000C  00007C        70       1  COMMON      1
                text22                         000DC5  00023C  001001      1B8A       0  CODE        2


UNUSED ADDRESS RANGES

        Name                Unused          Largest block    Delta
        BANK1            000EC-000EF               4           1
        BANK10           00520-0056F              50           1
        BANK11           005A0-005EF              50           1
        BANK12           00620-0064F              30           1
        BANK2            0016D-0016F               3           1
        BANK3            001B2-001EF              3E           1
        BANK5            002A0-002EF              50           1
        BANK6            00320-0036F              50           1
        BANK7            003A0-003EF              50           1
        BANK8            00420-0046F              50           1
        BANK9            004A0-004EF              50           1
        BIGRAM           02000-023EF             3F0           1
        CODE             01890-01DE2             553           2
        COMMON           0007C-0007D               2           1
        CONST            01890-01DE2             100           2
        ENTRY            01890-01DE2             100           2
        IDLOC            08000-08003               4           2
        RAM              000EC-000EF               4           1
                         0016D-0016F               3
                         001B2-001EF              3E
                         002A0-002EF              50
                         00320-0036F              50
                         003A0-003EF              50
                         00420-0046F              50
                         004A0-004EF              50
                         00520-0056F              50
                         005A0-005EF              50
                         00620-0064F              30
        SFR0             00000-0001F              20           1
        SFR1             00080-0009F              20           1
        SFR10            00500-0051F              20           1
        SFR11            00580-0059F              20           1
        SFR12            00600-0061F              20           1
        SFR13            00680-006EF              70           1
        SFR14            00700-0076F              70           1
        SFR15            00780-007EF              70           1
        SFR16            00800-0086F              70           1
        SFR17            00880-008EF              70           1
        SFR18            00900-0096F              70           1
        SFR19            00980-009EF              70           1
        SFR2             00100-0011F              20           1
        SFR20            00A00-00A6F              70           1
        SFR21            00A80-00AEF              70           1
        SFR22            00B00-00B6F              70           1
        SFR23            00B80-00BEF              70           1
        SFR24            00C00-00C6F              70           1
        SFR25            00C80-00CEF              70           1
        SFR26            00D00-00D6F              70           1
        SFR27            00D80-00DEF              70           1
        SFR28            00E00-00E6F              70           1
        SFR29            00E80-00EEF              70           1
        SFR3             00180-0019F              20           1
        SFR30            00F00-00F6F              70           1
        SFR31            00F80-00FEF              70           1
        SFR4             00200-0021F              20           1
        SFR5             00280-0029F              20           1
        SFR6             00300-0031F              20           1
        SFR7             00380-0039F              20           1
        SFR8             00400-0041F              20           1
        SFR9             00480-0049F              20           1
        STRCODE          01890-01DE2             553           2
        STRING           01890-01DE2             100           2

                                  Symbol Table

?_ADC_GetConversion                                 cstackBANK0  00020
?__Umul8_16                                         cstackBANK0  00020
?___fladd                                           cstackBANK0  0004C
?___fldiv                                           cstackBANK0  00020
?___flmul                                           cstackBANK0  00032
?___flneg                                           cstackBANK0  00020
?___flsub                                           cstackBANK0  00060
?___fltol                                           cstackBANK0  00020
?___fpclassifyf                                     cstackBANK0  00020
?___wmul                                            cstackBANK0  00020
?___xxtofl                                          cstackBANK0  00024
?_floorf                                            cstackBANK0  0003A
?_labs                                              cstackBANK0  00020
?_printf                                            cstackBANK2  0015B
?_read_prec_or_width                                cstackBANK0  00026
?_vfprintf                                          cstackBANK1  000DF
ADC_GetConversion@channel                           cstackBANK0  00023
ADC_SetInterruptHandler@InterruptHandler            cstackBANK0  00020
EUSART_FramingErrorCallbackRegister@callbackHandler cstackBANK0  00020
EUSART_OverrunErrorCallbackRegister@callbackHandler cstackBANK0  00020
EUSART_Read@readValue                               cstackCOMMON 00077
EUSART_Read@tempRxTail                              cstackCOMMON 00076
EUSART_ReceiveISR@regValue                          cstackCOMMON 0007A
EUSART_ReceiveISR@tempRxHead                        cstackCOMMON 0007B
EUSART_RxCompleteCallbackRegister@callbackHandler   cstackBANK0  00020
EUSART_TransmitISR@tempTxTail                       cstackCOMMON 00076
EUSART_Write@tempTxHead                             cstackBANK0  00021
EUSART_Write@txData                                 cstackBANK0  00020
INT_SetInterruptHandler@InterruptHandler            cstackBANK0  00020
TMR4_ISR@CountCallBack                              bssBANK2     00156
TMR4_PeriodMatchCallbackRegister@CallbackHandler    cstackBANK0  00020
_ADCON0                                             (abs)        0009D
_ADCON0bits                                         (abs)        0009D
_ADCON1                                             (abs)        0009E
_ADCON2                                             (abs)        0009F
_ADC_DefaultInterruptHandler                        text63       01DE3
_ADC_GetConversion                                  text49       01022
_ADC_ISR                                            text62       01E43
_ADC_Initialize                                     text46       01EB4
_ADC_InterruptHandler                               nvBANK2      00169
_ADC_SetInterruptHandler                            text47       01E07
_ADRESH                                             (abs)        0009C
_ADRESL                                             (abs)        0009B
_ANSELA                                             (abs)        0018C
_ANSELC                                             (abs)        0018E
_BAUD1CON                                           (abs)        0019F
_BAUD1CONbits                                       (abs)        0019F
_BORCON                                             (abs)        00116
_CLOCK_Initialize                                   text45       01E10
_EUSART_AutoBaudQuery                               (abs)        00000
_EUSART_AutoBaudSet                                 (abs)        00000
_EUSART_DefaultFramingErrorCallback                 text61       01000
_EUSART_DefaultOverrunErrorCallback                 text60       01DF5
_EUSART_Deinitialize                                (abs)        00000
_EUSART_ErrorGet                                    (abs)        00000
_EUSART_FramingErrorCallbackRegister                text44       01E61
_EUSART_FramingErrorHandler                         bssBANK2     0014E
_EUSART_Initialize                                  text42       01110
_EUSART_IsRxReady                                   text59       01DFF
_EUSART_IsTxDone                                    (abs)        00000
_EUSART_IsTxReady                                   text13       00800
_EUSART_OverrunErrorCallbackRegister                text43       01E70
_EUSART_OverrunErrorHandler                         bssBANK2     0014C
_EUSART_Read                                        text58       01043
_EUSART_ReceiveISR                                  text55       011CF
_EUSART_RxCompleteCallbackRegister                  text48       01E52
_EUSART_RxCompleteInterruptHandler                  bssBANK2     00150
_EUSART_RxInterruptHandler                          nvBANK2      00167
_EUSART_TransmitDisable                             (abs)        00000
_EUSART_TransmitEnable                              (abs)        00000
_EUSART_TransmitISR                                 text54       01EF2
_EUSART_TxCompleteCallbackRegister                  (abs)        00000
_EUSART_TxCompleteInterruptHandler                  bssBANK2     00152
_EUSART_TxInterruptHandler                          nvBANK3      001B0
_EUSART_Write                                       text12       007D8
_EUSART_Write$intlevel0                             text12       007DC
_INLVLA                                             (abs)        0038C
_INLVLC                                             (abs)        0038E
_INTCONbits                                         (abs)        0000B
_INTERRUPT_Initialize                               text40       01E2B
_INTERRUPT_InterruptManager                         intentry     00004
_INT_DefaultInterruptHandler                        (abs)        00000
_INT_InterruptHandler                               bssBANK2     00158
_INT_SetInterruptHandler                            text41       01E19
_IOCAF                                              (abs)        00393
_IOCAN                                              (abs)        00392
_IOCAP                                              (abs)        00391
_IOCCF                                              (abs)        00399
_IOCCN                                              (abs)        00398
_IOCCP                                              (abs)        00397
_LATA                                               (abs)        0010C
_LATAbits                                           (abs)        0010C
_LATC                                               (abs)        0010E
_LED_12V_Off                                        text32       01DEC
_LED_12V_On                                         text30       01DF2
_LED_24V_Off                                        text33       01DE9
_LED_24V_On                                         text31       01DEF
_ODCONA                                             (abs)        0028C
_ODCONC                                             (abs)        0028E
_OPTION_REGbits                                     (abs)        00095
_OSCCON                                             (abs)        00099
_OSCTUNE                                            (abs)        00098
_PIE1bits                                           (abs)        00091
_PIE2bits                                           (abs)        00092
_PIN_MANAGER_Initialize                             text39       010AD
_PIR1bits                                           (abs)        00011
_PIR2bits                                           (abs)        00012
_PR4                                                (abs)        00416
_RC1REG                                             (abs)        00199
_RC1STA                                             (abs)        0019D
_RC1STAbits                                         (abs)        0019D
_RC3PPS                                             (abs)        00EA3
_RXPPS                                              (abs)        00E24
_SLRCONA                                            (abs)        0030C
_SLRCONC                                            (abs)        0030E
_SP1BRGH                                            (abs)        0019C
_SP1BRGL                                            (abs)        0019B
_SYSTEM_Initialize                                  text37       01EA1
_T4CON                                              (abs)        00417
_T4CONbits                                          (abs)        00417
_TMR4                                               (abs)        00415
_TMR4_DefaultPeriodMatchCallback                    text52       00003
_TMR4_ISR                                           text51       01F81
_TMR4_Initialize                                    text38       01E7F
_TMR4_PeriodMatchCallback                           nvBANK2      00165
_TMR4_PeriodMatchCallbackRegister                   text36       01E22
_TMR4_Start                                         text35       01DE6
_TRISA                                              (abs)        0008C
_TRISC                                              (abs)        0008E
_TX1REG                                             (abs)        0019A
_TX1STA                                             (abs)        0019E
_TX1STAbits                                         (abs)        0019E
_WPUA                                               (abs)        0020C
_WPUC                                               (abs)        0020E
__H__absolute__                                     __absolute__ 00000
__Habs1                                             abs1         00000
__Hbank0                                            bank0        00000
__Hbank1                                            bank1        00000
__Hbank10                                           bank10       00000
__Hbank11                                           bank11       00000
__Hbank12                                           bank12       00000
__Hbank13                                           bank13       00000
__Hbank14                                           bank14       00000
__Hbank15                                           bank15       00000
__Hbank16                                           bank16       00000
__Hbank17                                           bank17       00000
__Hbank18                                           bank18       00000
__Hbank19                                           bank19       00000
__Hbank2                                            bank2        00000
__Hbank20                                           bank20       00000
__Hbank21                                           bank21       00000
__Hbank22                                           bank22       00000
__Hbank23                                           bank23       00000
__Hbank24                                           bank24       00000
__Hbank25                                           bank25       00000
__Hbank26                                           bank26       00000
__Hbank27                                           bank27       00000
__Hbank28                                           bank28       00000
__Hbank29                                           bank29       00000
__Hbank3                                            bank3        00000
__Hbank30                                           bank30       00000
__Hbank31                                           bank31       00000
__Hbank4                                            bank4        00000
__Hbank5                                            bank5        00000
__Hbank6                                            bank6        00000
__Hbank7                                            bank7        00000
__Hbank8                                            bank8        00000
__Hbank9                                            bank9        00000
__Hbigram                                           bigram       00000
__HbssBANK1                                         bssBANK1     00000
__HbssBANK2                                         bssBANK2     00000
__HbssBANK3                                         bssBANK3     00000
__HbssBANK4                                         bssBANK4     00000
__HbssCOMMON                                        bssCOMMON    00000
__Hcinit                                            cinit        00079
__Hclrtext                                          clrtext      00000
__Hcode                                             code         00000
__Hcommon                                           common       00000
__Hconfig                                           config       08009
__HcstackBANK0                                      cstackBANK0  00000
__HcstackBANK1                                      cstackBANK1  00000
__HcstackBANK2                                      cstackBANK2  00000
__HcstackBANK3                                      cstackBANK3  00000
__HcstackCOMMON                                     cstackCOMMON 00000
__HdataBANK2                                        dataBANK2    00000
__Heeprom_data                                      eeprom_data  00000
__Hend_init                                         end_init     0004C
__Hfunctab                                          functab      00000
__Hheap                                             heap         00000
__HidataBANK2                                       idataBANK2   00000
__Hinit                                             init         0004A
__Hintentry                                         intentry     0004A
__Hmaintext                                         maintext     00000
__HnvBANK2                                          nvBANK2      00000
__HnvBANK3                                          nvBANK3      00000
__Hpowerup                                          powerup      00000
__Hram                                              ram          00000
__Hreset_vec                                        reset_vec    00003
__Hsfr0                                             sfr0         00000
__Hsfr1                                             sfr1         00000
__Hsfr10                                            sfr10        00000
__Hsfr11                                            sfr11        00000
__Hsfr12                                            sfr12        00000
__Hsfr13                                            sfr13        00000
__Hsfr14                                            sfr14        00000
__Hsfr15                                            sfr15        00000
__Hsfr16                                            sfr16        00000
__Hsfr17                                            sfr17        00000
__Hsfr18                                            sfr18        00000
__Hsfr19                                            sfr19        00000
__Hsfr2                                             sfr2         00000
__Hsfr20                                            sfr20        00000
__Hsfr21                                            sfr21        00000
__Hsfr22                                            sfr22        00000
__Hsfr23                                            sfr23        00000
__Hsfr24                                            sfr24        00000
__Hsfr25                                            sfr25        00000
__Hsfr26                                            sfr26        00000
__Hsfr27                                            sfr27        00000
__Hsfr28                                            sfr28        00000
__Hsfr29                                            sfr29        00000
__Hsfr3                                             sfr3         00000
__Hsfr30                                            sfr30        00000
__Hsfr31                                            sfr31        00000
__Hsfr4                                             sfr4         00000
__Hsfr5                                             sfr5         00000
__Hsfr6                                             sfr6         00000
__Hsfr7                                             sfr7         00000
__Hsfr8                                             sfr8         00000
__Hsfr9                                             sfr9         00000
__Hsivt                                             sivt         0004A
__Hspace_0                                          (abs)        02000
__Hspace_1                                          (abs)        00270
__Hspace_2                                          (abs)        00000
__Hspace_3                                          (abs)        00000
__Hspace_4                                          (abs)        10010
__Hstack                                            stack        00000
__Hstrings                                          strings      00000
__Hstringtext1                                      stringtext1  00000
__Hstringtext2                                      stringtext2  00000
__Hstringtext3                                      stringtext3  00000
__Hstringtext4                                      stringtext4  00000
__Hstringtext5                                      stringtext5  00000
__Hstringtext6                                      stringtext6  00000
__Hstringtext7                                      stringtext7  00000
__Hstringtext8                                      stringtext8  00000
__Htext                                             text         00000
__L__absolute__                                     __absolute__ 00000
__Labs1                                             abs1         00000
__Lbank0                                            bank0        00000
__Lbank1                                            bank1        00000
__Lbank10                                           bank10       00000
__Lbank11                                           bank11       00000
__Lbank12                                           bank12       00000
__Lbank13                                           bank13       00000
__Lbank14                                           bank14       00000
__Lbank15                                           bank15       00000
__Lbank16                                           bank16       00000
__Lbank17                                           bank17       00000
__Lbank18                                           bank18       00000
__Lbank19                                           bank19       00000
__Lbank2                                            bank2        00000
__Lbank20                                           bank20       00000
__Lbank21                                           bank21       00000
__Lbank22                                           bank22       00000
__Lbank23                                           bank23       00000
__Lbank24                                           bank24       00000
__Lbank25                                           bank25       00000
__Lbank26                                           bank26       00000
__Lbank27                                           bank27       00000
__Lbank28                                           bank28       00000
__Lbank29                                           bank29       00000
__Lbank3                                            bank3        00000
__Lbank30                                           bank30       00000
__Lbank31                                           bank31       00000
__Lbank4                                            bank4        00000
__Lbank5                                            bank5        00000
__Lbank6                                            bank6        00000
__Lbank7                                            bank7        00000
__Lbank8                                            bank8        00000
__Lbank9                                            bank9        00000
__Lbigram                                           bigram       00000
__LbssBANK1                                         bssBANK1     00000
__LbssBANK2                                         bssBANK2     00000
__LbssBANK3                                         bssBANK3     00000
__LbssBANK4                                         bssBANK4     00000
__LbssCOMMON                                        bssCOMMON    00000
__Lcinit                                            cinit        0004C
__Lclrtext                                          clrtext      00000
__Lcode                                             code         00000
__Lcommon                                           common       00000
__Lconfig                                           config       00000
__LcstackBANK0                                      cstackBANK0  00000
__LcstackBANK1                                      cstackBANK1  00000
__LcstackBANK2                                      cstackBANK2  00000
__LcstackBANK3                                      cstackBANK3  00000
__LcstackCOMMON                                     cstackCOMMON 00000
__LdataBANK2                                        dataBANK2    00000
__Leeprom_data                                      eeprom_data  00000
__Lend_init                                         end_init     0004A
__Lfunctab                                          functab      00000
__Lheap                                             heap         00000
__LidataBANK2                                       idataBANK2   00000
__Linit                                             init         0004A
__Lintentry                                         intentry     00004
__Lmaintext                                         maintext     00000
__LnvBANK2                                          nvBANK2      00000
__LnvBANK3                                          nvBANK3      00000
__Lpowerup                                          powerup      00000
__Lram                                              ram          00000
__Lreset_vec                                        reset_vec    00000
__Lsfr0                                             sfr0         00000
__Lsfr1                                             sfr1         00000
__Lsfr10                                            sfr10        00000
__Lsfr11                                            sfr11        00000
__Lsfr12                                            sfr12        00000
__Lsfr13                                            sfr13        00000
__Lsfr14                                            sfr14        00000
__Lsfr15                                            sfr15        00000
__Lsfr16                                            sfr16        00000
__Lsfr17                                            sfr17        00000
__Lsfr18                                            sfr18        00000
__Lsfr19                                            sfr19        00000
__Lsfr2                                             sfr2         00000
__Lsfr20                                            sfr20        00000
__Lsfr21                                            sfr21        00000
__Lsfr22                                            sfr22        00000
__Lsfr23                                            sfr23        00000
__Lsfr24                                            sfr24        00000
__Lsfr25                                            sfr25        00000
__Lsfr26                                            sfr26        00000
__Lsfr27                                            sfr27        00000
__Lsfr28                                            sfr28        00000
__Lsfr29                                            sfr29        00000
__Lsfr3                                             sfr3         00000
__Lsfr30                                            sfr30        00000
__Lsfr31                                            sfr31        00000
__Lsfr4                                             sfr4         00000
__Lsfr5                                             sfr5         00000
__Lsfr6                                             sfr6         00000
__Lsfr7                                             sfr7         00000
__Lsfr8                                             sfr8         00000
__Lsfr9                                             sfr9         00000
__Lsivt                                             sivt         0004A
__Lspace_0                                          (abs)        00000
__Lspace_1                                          (abs)        00000
__Lspace_2                                          (abs)        00000
__Lspace_3                                          (abs)        00000
__Lspace_4                                          (abs)        00000
__Lstack                                            stack        00000
__Lstrings                                          strings      00000
__Lstringtext1                                      stringtext1  00000
__Lstringtext2                                      stringtext2  00000
__Lstringtext3                                      stringtext3  00000
__Lstringtext4                                      stringtext4  00000
__Lstringtext5                                      stringtext5  00000
__Lstringtext6                                      stringtext6  00000
__Lstringtext7                                      stringtext7  00000
__Lstringtext8                                      stringtext8  00000
__Ltext                                             text         00000
__S0                                                (abs)        02000
__S1                                                (abs)        00270
__Umul8_16                                          text23       01089
__Umul8_16@multiplicand                             cstackBANK0  00020
__Umul8_16@multiplier                               cstackBANK0  00028
__Umul8_16@product                                  cstackBANK0  00024
__Umul8_16@word_mpld                                cstackBANK0  00026
___fladd                                            text20       00BB9
___fladd@a                                          cstackBANK0  00050
___fladd@aexp                                       cstackBANK0  0005D
___fladd@b                                          cstackBANK0  0004C
___fladd@bexp                                       cstackBANK0  0005E
___fladd@grs                                        cstackBANK0  0005F
___fladd@signs                                      cstackBANK0  0005C
___fldiv                                            text25       0165C
___fldiv@a                                          cstackBANK0  00020
___fldiv@aexp                                       cstackBANK0  00039
___fldiv@b                                          cstackBANK0  00024
___fldiv@bexp                                       cstackBANK0  00038
___fldiv@grs                                        cstackBANK0  00034
___fldiv@new_exp                                    cstackBANK0  00032
___fldiv@rem                                        cstackBANK0  0002D
___fldiv@sign                                       cstackBANK0  00031
___fleq                                             text24       01180
___fleq@ff1                                         cstackBANK0  00020
___fleq@ff2                                         cstackBANK0  00024
___flge                                             text29       013D4
___flge@ff1                                         cstackBANK0  0004C
___flge@ff2                                         cstackBANK0  00050
___flmul                                            text22       00DC5
___flmul@a                                          cstackBANK0  00036
___flmul@aexp                                       cstackBANK0  00040
___flmul@b                                          cstackBANK0  00032
___flmul@bexp                                       cstackBANK0  00045
___flmul@grs                                        cstackBANK0  00041
___flmul@prod                                       cstackBANK0  00046
___flmul@sign                                       cstackBANK0  0003F
___flmul@temp                                       cstackBANK0  0004A
___flneg                                            text21       01E37
___flneg@f1                                         cstackBANK0  00020
___flsub                                            text19       01FC0
___flsub@a                                          cstackBANK0  00060
___flsub@b                                          cstackBANK0  00064
___fltol                                            text18       012E6
___fltol@exp1                                       cstackBANK0  00029
___fltol@f1                                         cstackBANK0  00020
___fltol@sign1                                      cstackBANK0  00028
___fpclassifyf                                      text17       01355
___fpclassifyf@F465                                 bssBANK2     0013C
___fpclassifyf@e                                    cstackBANK0  0002A
___fpclassifyf@u                                    cstackBANK0  0002C
___fpclassifyf@x                                    cstackBANK0  00020
___heap_hi                                          (abs)        00000
___heap_lo                                          (abs)        00000
___int_sp                                           stack        00000
___int_stack_hi                                     stack        00000
___int_stack_lo                                     stack        00000
___latbits                                          (abs)        00002
___sp                                               stack        00000
___stack_hi                                         stack        00000
___stack_lo                                         stack        00000
___stackhi                                          (abs)        00000
___stacklo                                          (abs)        00000
___wmul                                             text5        01FE0
___wmul@multiplicand                                cstackBANK0  00022
___wmul@multiplier                                  cstackBANK0  00020
___wmul@product                                     cstackBANK0  00024
___xxtofl                                           text34       00733
___xxtofl@arg                                       cstackBANK0  0002E
___xxtofl@exp                                       cstackBANK0  0002D
___xxtofl@sign                                      cstackBANK0  0002C
___xxtofl@val                                       cstackBANK0  00024
__end_of_ADC_DefaultInterruptHandler                text63       01DE4
__end_of_ADC_GetConversion                          text49       01043
__end_of_ADC_ISR                                    text62       01E52
__end_of_ADC_Initialize                             text46       01EC8
__end_of_ADC_SetInterruptHandler                    text47       01E10
__end_of_CLOCK_Initialize                           text45       01E19
__end_of_EUSART_DefaultFramingErrorCallback         text61       01001
__end_of_EUSART_DefaultOverrunErrorCallback         text60       01DF9
__end_of_EUSART_FramingErrorCallbackRegister        text44       01E70
__end_of_EUSART_Initialize                          text42       01145
__end_of_EUSART_IsRxReady                           text59       01E07
__end_of_EUSART_IsTxReady                           text13       00808
__end_of_EUSART_OverrunErrorCallbackRegister        text43       01E7F
__end_of_EUSART_Read                                text58       01066
__end_of_EUSART_ReceiveISR                          text55       0122B
__end_of_EUSART_RxCompleteCallbackRegister          text48       01E61
__end_of_EUSART_TransmitISR                         text54       01F0C
__end_of_EUSART_Write                               text12       00800
__end_of_INTERRUPT_Initialize                       text40       01E37
__end_of_INTERRUPT_InterruptManager                 intentry     0004A
__end_of_INT_SetInterruptHandler                    text41       01E22
__end_of_LED_12V_Off                                text32       01DEF
__end_of_LED_12V_On                                 text30       01DF5
__end_of_LED_24V_Off                                text33       01DEC
__end_of_LED_24V_On                                 text31       01DF2
__end_of_PIN_MANAGER_Initialize                     text39       010DC
__end_of_SYSTEM_Initialize                          text37       01EB4
__end_of_TMR4_DefaultPeriodMatchCallback            text52       00004
__end_of_TMR4_ISR                                   text51       01FA0
__end_of_TMR4_Initialize                            text38       01E90
__end_of_TMR4_PeriodMatchCallbackRegister           text36       01E2B
__end_of_TMR4_Start                                 text35       01DE9
__end_of_UART1                                      stringtext1  01830
__end_of__Umul8_16                                  text23       010AD
__end_of___fladd                                    text20       00DC5
__end_of___fldiv                                    text25       01800
__end_of___fleq                                     text24       011CF
__end_of___flge                                     text29       0145F
__end_of___flmul                                    text22       01000
__end_of___flneg                                    text21       01E43
__end_of___flsub                                    text19       01FE0
__end_of___fltol                                    text18       01355
__end_of___fpclassifyf                              text17       013D4
__end_of___wmul                                     text5        02000
__end_of___xxtofl                                   text34       007D8
__end_of__initialization                            cinit        00075
__end_of_check_RX_Data                              text56       01F81
__end_of_delay_ms                                   text28       01F44
__end_of_efgtoa                                     text6        00733
__end_of_floorf                                     text16       0154A
__end_of_fputc                                      text10       012E6
__end_of_fputs                                      text9        0082C
__end_of_handle_buzzer                              text27       01FC0
__end_of_handle_voltage                             text26       009D8
__end_of_labs                                       text15       01EF2
__end_of_main                                       maintext     00BB9
__end_of_memcpy                                     text14       01089
__end_of_pad                                        text8        01110
__end_of_printf                                     text1        01EDC
__end_of_putch                                      text11       01EA1
__end_of_read_prec_or_width                         text4        01288
__end_of_strcpy                                     text7        01F27
__end_of_timer_interrupt                            text53       01180
__end_of_vfpfcnvrt                                  text3        0165C
__end_of_vfprintf                                   text2        01F62
__end_ofi1_EUSART_Write                             text57       01022
__initialization                                    cinit        0004C
__pbssBANK1                                         bssBANK1     000EB
__pbssBANK2                                         bssBANK2     00120
__pbssBANK3                                         bssBANK3     001A0
__pbssBANK4                                         bssBANK4     00220
__pbssCOMMON                                        bssCOMMON    00070
__pcstackBANK0                                      cstackBANK0  00020
__pcstackBANK1                                      cstackBANK1  000A0
__pcstackBANK2                                      cstackBANK2  0015B
__pcstackBANK3                                      cstackBANK3  001A8
__pcstackCOMMON                                     cstackCOMMON 00076
__pdataBANK2                                        dataBANK2    0016B
__pidataBANK2                                       idataBANK2   01DE4
__pintentry                                         intentry     00004
__pmaintext                                         maintext     009D8
__pnvBANK2                                          nvBANK2      00165
__pnvBANK3                                          nvBANK3      001B0
__pstringtext1                                      stringtext1  01800
__pstringtext2                                      stringtext2  01830
__pstringtext3                                      stringtext3  0184B
__pstringtext4                                      stringtext4  01863
__pstringtext5                                      stringtext5  01877
__pstringtext6                                      stringtext6  01888
__pstringtext7                                      stringtext7  0188C
__pstringtext8                                      stringtext8  00000
__ptext1                                            text1        01EC8
__ptext10                                           text10       01288
__ptext11                                           text11       01E90
__ptext12                                           text12       007D8
__ptext13                                           text13       00800
__ptext14                                           text14       01066
__ptext15                                           text15       01EDC
__ptext16                                           text16       0145F
__ptext17                                           text17       01355
__ptext18                                           text18       012E6
__ptext19                                           text19       01FC0
__ptext2                                            text2        01F44
__ptext20                                           text20       00BB9
__ptext21                                           text21       01E37
__ptext22                                           text22       00DC5
__ptext23                                           text23       01089
__ptext24                                           text24       01180
__ptext25                                           text25       0165C
__ptext26                                           text26       0082C
__ptext27                                           text27       01FA0
__ptext28                                           text28       01F27
__ptext29                                           text29       013D4
__ptext3                                            text3        0154A
__ptext30                                           text30       01DF2
__ptext31                                           text31       01DEF
__ptext32                                           text32       01DEC
__ptext33                                           text33       01DE9
__ptext34                                           text34       00733
__ptext35                                           text35       01DE6
__ptext36                                           text36       01E22
__ptext37                                           text37       01EA1
__ptext38                                           text38       01E7F
__ptext39                                           text39       010AD
__ptext4                                            text4        0122B
__ptext40                                           text40       01E2B
__ptext41                                           text41       01E19
__ptext42                                           text42       01110
__ptext43                                           text43       01E70
__ptext44                                           text44       01E61
__ptext45                                           text45       01E10
__ptext46                                           text46       01EB4
__ptext47                                           text47       01E07
__ptext48                                           text48       01E52
__ptext49                                           text49       01022
__ptext5                                            text5        01FE0
__ptext51                                           text51       01F81
__ptext52                                           text52       00003
__ptext53                                           text53       01145
__ptext54                                           text54       01EF2
__ptext55                                           text55       011CF
__ptext56                                           text56       01F62
__ptext57                                           text57       01001
__ptext58                                           text58       01043
__ptext59                                           text59       01DFF
__ptext6                                            text6        00079
__ptext60                                           text60       01DF5
__ptext61                                           text61       01000
__ptext62                                           text62       01E43
__ptext63                                           text63       01DE3
__ptext7                                            text7        01F0C
__ptext8                                            text8        010DC
__ptext9                                            text9        00808
_check_RX_Data                                      text56       01F62
_config_flg                                         bssBANK2     0015A
_dbuf                                               bssBANK4     00220
_delay_ms                                           text28       01F27
_efgtoa                                             text6        00079
_efgtoa$1557                                        cstackBANK1  000AA
_eusartRxBuffer                                     bssBANK3     001A0
_eusartRxCount                                      bssCOMMON    00070
_eusartRxHead                                       bssCOMMON    00072
_eusartRxLastError                                  bssBANK2     00154
_eusartRxStatusBuffer                               bssBANK2     00120
_eusartRxTail                                       bssCOMMON    00071
_eusartTxBuffer                                     bssBANK2     00130
_eusartTxBufferRemaining                            bssCOMMON    00073
_eusartTxHead                                       bssCOMMON    00075
_eusartTxTail                                       bssCOMMON    00074
_flags                                              bssBANK1     000EB
_floorf                                             text16       0145F
_fputc                                              text10       01288
_fputs                                              text9        00808
_handle_buzzer                                      text27       01FA0
_handle_voltage                                     text26       0082C
_labs                                               text15       01EDC
_main                                               maintext     009D8
_main$1109                                          cstackBANK3  001A8
_main$1110                                          cstackBANK3  001AC
_memcpy                                             text14       01066
_pad                                                text8        010DC
_prec                                               bssBANK2     0014A
_printf                                             text1        01EC8
_putch                                              text11       01E90
_read_prec_or_width                                 text4        0122B
_reset_flg_12                                       dataBANK2    0016B
_reset_flg_24                                       dataBANK2    0016C
_strcpy                                             text7        01F0C
_timer_interrupt                                    text53       01145
_vfpfcnvrt                                          text3        0154A
_vfprintf                                           text2        01F44
_voltage_12                                         bssBANK2     00144
_voltage_24                                         bssBANK2     00140
_width                                              bssBANK2     00148
btemp                                               (abs)        0007E
check_RX_Data@buf                                   cstackCOMMON 00079
check_RX_Data@i                                     cstackCOMMON 00078
clear_ram0                                          clrtext      01DF9
delay_ms@i                                          cstackBANK0  00023
delay_ms@ms                                         cstackBANK0  00020
efgtoa@c                                            cstackBANK0  0006E
efgtoa@d                                            cstackBANK1  000AF
efgtoa@e                                            cstackBANK1  000B3
efgtoa@f                                            cstackBANK0  0006A
efgtoa@fp                                           cstackBANK0  00068
efgtoa@g                                            cstackBANK1  000C6
efgtoa@h                                            cstackBANK1  000BD
efgtoa@i                                            cstackBANK1  000BB
efgtoa@l                                            cstackBANK1  000C1
efgtoa@m                                            cstackBANK1  000B1
efgtoa@mode                                         cstackBANK1  000AD
efgtoa@n                                            cstackBANK1  000CA
efgtoa@ne                                           cstackBANK1  000A4
efgtoa@nmode                                        cstackBANK1  000AE
efgtoa@ou                                           cstackBANK1  000B7
efgtoa@p                                            cstackBANK1  000A6
efgtoa@pp                                           cstackBANK1  000AC
efgtoa@sign                                         cstackBANK1  000C5
efgtoa@t                                            cstackBANK1  000A8
efgtoa@u                                            cstackBANK1  000CC
efgtoa@w                                            cstackBANK1  000B5
end_of_initialization                               cinit        00075
floorf@F521                                         bssBANK2     00138
floorf@e                                            cstackBANK0  00048
floorf@m                                            cstackBANK0  00044
floorf@u                                            cstackBANK0  0004A
floorf@x                                            cstackBANK0  0003A
fputc@c                                             cstackBANK0  00023
fputc@fp                                            cstackBANK0  00025
fputs@c                                             cstackBANK0  00031
fputs@fp                                            cstackBANK0  0002D
fputs@i                                             cstackBANK0  00032
fputs@s                                             cstackBANK0  0002C
handle_buzzer@i                                     cstackBANK0  00025
handle_voltage@LED_SetHigh                          cstackBANK0  00062
handle_voltage@LED_SetLow                           cstackBANK0  00064
handle_voltage@mode                                 cstackBANK0  00060
handle_voltage@reset_flg                            cstackBANK0  00061
handle_voltage@threshold                            cstackBANK0  0005C
handle_voltage@voltage                              cstackBANK0  00058
i1EUSART_Write@tempTxHead                           cstackCOMMON 00077
i1EUSART_Write@txData                               cstackCOMMON 00076
i1_EUSART_Write                                     text57       01001
int$flags                                           (abs)        0007E
intlevel0                                           functab      00000
intlevel1                                           functab      00000
intlevel2                                           functab      00000
intlevel3                                           functab      00000
intlevel4                                           functab      00000
intlevel5                                           functab      00000
labs@a                                              cstackBANK0  00020
memcpy@d                                            cstackBANK0  00025
memcpy@d1                                           cstackBANK0  00020
memcpy@n                                            cstackBANK0  00022
memcpy@s                                            cstackBANK0  00026
memcpy@s1                                           cstackBANK0  00021
memcpy@tmp                                          cstackBANK0  00024
pad@buf                                             cstackBANK0  00036
pad@fp                                              cstackBANK0  00034
pad@i                                               cstackBANK0  0003A
pad@p                                               cstackBANK0  00037
printf@ap                                           cstackBANK1  000E6
printf@fmt                                          cstackBANK2  0015B
putch@txData                                        cstackBANK0  00022
read_prec_or_width@ap                               cstackBANK0  00027
read_prec_or_width@c                                cstackBANK0  0002B
read_prec_or_width@fmt                              cstackBANK0  00026
read_prec_or_width@n                                cstackBANK0  0002C
reset_vec                                           reset_vec    00000
start                                               init         0004A
start_initialization                                cinit        0004C
strcpy@d                                            cstackBANK0  00025
strcpy@dest                                         cstackBANK0  00020
strcpy@src                                          cstackBANK0  00021
vfpfcnvrt@ap                                        cstackBANK1  000D3
vfpfcnvrt@c                                         cstackBANK1  000DC
vfpfcnvrt@convarg                                   cstackBANK1  000D8
vfpfcnvrt@cp                                        cstackBANK1  000DD
vfpfcnvrt@fmt                                       cstackBANK1  000D2
vfpfcnvrt@fp                                        cstackBANK1  000D0
vfprintf@ap                                         cstackBANK1  000E3
vfprintf@cfmt                                       cstackBANK1  000E4
vfprintf@fmt                                        cstackBANK1  000E1
vfprintf@fp                                         cstackBANK1  000DF
wtemp0                                              (abs)        0007E


MODULE INFORMATION

Module		Function		Class		Link	Load	Size
/Applications/microchip/xc8/v2.50/pic/sources/c99/common/Umul16.c
		___wmul        		CODE           	1FE0	0000	32

/Applications/microchip/xc8/v2.50/pic/sources/c99/common/Umul16.c estimated size: 32

/Applications/microchip/xc8/v2.50/pic/sources/c99/common/sprcadd.c
		___flsub       		CODE           	1FC0	0000	32
		___fladd       		CODE           	0BB9	0000	524

/Applications/microchip/xc8/v2.50/pic/sources/c99/common/sprcadd.c estimated size: 556

/Applications/microchip/xc8/v2.50/pic/sources/c99/common/fltol.c
		___fltol       		CODE           	12E6	0000	111

/Applications/microchip/xc8/v2.50/pic/sources/c99/common/fltol.c estimated size: 111

mcc_generated_files/system/src/interrupt.c
		_INT_SetInterruptHandler		CODE           	1E19	0000	9
		_INTERRUPT_Initialize		CODE           	1E2B	0000	12
		_INTERRUPT_InterruptManager		CODE           	0004	0000	70

mcc_generated_files/system/src/interrupt.c estimated size: 91

/Applications/microchip/xc8/v2.50/pic/sources/c99/common/__fpclassifyf.c
		___fpclassifyf 		CODE           	1355	0000	127

/Applications/microchip/xc8/v2.50/pic/sources/c99/common/__fpclassifyf.c estimated size: 127

/Applications/microchip/xc8/v2.50/pic/sources/c99/common/xxtofl.c
		___xxtofl      		CODE           	0733	0000	165

/Applications/microchip/xc8/v2.50/pic/sources/c99/common/xxtofl.c estimated size: 165

/Applications/microchip/xc8/v2.50/pic/sources/c99/common/printf.c
		_printf        		CODE           	1EC8	0000	20

/Applications/microchip/xc8/v2.50/pic/sources/c99/common/printf.c estimated size: 20

mcc_generated_files/adc/src/adc.c
		_ADC_DefaultInterruptHandler		CODE           	1DE3	0000	1
		_ADC_Initialize		CODE           	1EB4	0000	20
		_ADC_SetInterruptHandler		CODE           	1E07	0000	9
		_ADC_GetConversion		CODE           	1022	0000	33
		_ADC_ISR       		CODE           	1E43	0000	15

mcc_generated_files/adc/src/adc.c estimated size: 78

/Applications/microchip/xc8/v2.50/pic/sources/c99/common/nf_fputs.c
		_fputs         		CODE           	0808	0000	36

/Applications/microchip/xc8/v2.50/pic/sources/c99/common/nf_fputs.c estimated size: 36

/Applications/microchip/xc8/v2.50/pic/sources/c99/common/fleq.c
		___fleq        		CODE           	1180	0000	79

/Applications/microchip/xc8/v2.50/pic/sources/c99/common/fleq.c estimated size: 79

/Applications/microchip/xc8/v2.50/pic/sources/c99/common/floorf.c
		_floorf        		CODE           	145F	0000	235

/Applications/microchip/xc8/v2.50/pic/sources/c99/common/floorf.c estimated size: 235

/Applications/microchip/xc8/v2.50/pic/sources/c99/common/strcpy.c
		_strcpy        		CODE           	1F0C	0000	27

/Applications/microchip/xc8/v2.50/pic/sources/c99/common/strcpy.c estimated size: 27

mcc_generated_files/system/src/pins.c
		_PIN_MANAGER_Initialize		CODE           	10AD	0000	47

mcc_generated_files/system/src/pins.c estimated size: 47

shared
		i1_EUSART_Write		CODE           	1001	0000	33
		__initialization		CODE           	004C	0000	41
		_UART1         		STRCODE        	0000	0000	0

shared estimated size: 74

/Applications/microchip/xc8/v2.50/pic/sources/c99/common/flneg.c
		___flneg       		CODE           	1E37	0000	12

/Applications/microchip/xc8/v2.50/pic/sources/c99/common/flneg.c estimated size: 12

/Applications/microchip/xc8/v2.50/pic/sources/c99/common/Umul8_16.c
		__Umul8_16     		CODE           	1089	0000	36

/Applications/microchip/xc8/v2.50/pic/sources/c99/common/Umul8_16.c estimated size: 36

mcc_generated_files/timer/src/tmr4.c
		_TMR4_DefaultPeriodMatchCallback		CODE           	0003	0000	1
		_TMR4_ISR      		CODE           	1F81	0000	31
		_TMR4_Initialize		CODE           	1E7F	0000	17
		_TMR4_PeriodMatchCallbackRegister		CODE           	1E22	0000	9
		_TMR4_Start    		CODE           	1DE6	0000	3

mcc_generated_files/timer/src/tmr4.c estimated size: 61

/Applications/microchip/xc8/v2.50/pic/sources/c99/common/labs.c
		_labs          		CODE           	1EDC	0000	22

/Applications/microchip/xc8/v2.50/pic/sources/c99/common/labs.c estimated size: 22

mcc_generated_files/uart/src/eusart.c
		_EUSART_FramingErrorCallbackRegister		CODE           	1E61	0000	15
		_EUSART_OverrunErrorCallbackRegister		CODE           	1E70	0000	15
		_putch         		CODE           	1E90	0000	17
		_EUSART_Read   		CODE           	1043	0000	35
		_EUSART_Write  		CODE           	07D8	0000	40
		_EUSART_DefaultOverrunErrorCallback		CODE           	1DF5	0000	4
		_EUSART_IsRxReady		CODE           	1DFF	0000	8
		_EUSART_IsTxReady		CODE           	0800	0000	8
		_EUSART_Initialize		CODE           	1110	0000	53
		_EUSART_RxCompleteCallbackRegister		CODE           	1E52	0000	15
		_EUSART_TransmitISR		CODE           	1EF2	0000	26
		_EUSART_DefaultFramingErrorCallback		CODE           	1000	0000	1
		_EUSART_ReceiveISR		CODE           	11CF	0000	92

mcc_generated_files/uart/src/eusart.c estimated size: 329

mcc_generated_files/system/src/clock.c
		_CLOCK_Initialize		CODE           	1E10	0000	9

mcc_generated_files/system/src/clock.c estimated size: 9

/Applications/microchip/xc8/v2.50/pic/sources/c99/common/nf_fputc.c
		_fputc         		CODE           	1288	0000	94

/Applications/microchip/xc8/v2.50/pic/sources/c99/common/nf_fputc.c estimated size: 94

/Applications/microchip/xc8/v2.50/pic/sources/c99/common/sprcmul.c
		___flmul       		CODE           	0DC5	0000	571

/Applications/microchip/xc8/v2.50/pic/sources/c99/common/sprcmul.c estimated size: 571

main.c
		_timer_interrupt		CODE           	1145	0000	59
		_LED_24V_On    		CODE           	1DEF	0000	3
		_LED_24V_Off   		CODE           	1DE9	0000	3
		_LED_12V_On    		CODE           	1DF2	0000	3
		_LED_12V_Off   		CODE           	1DEC	0000	3
		_main          		CODE           	09D8	0000	481
		_handle_buzzer 		CODE           	1FA0	0000	32
		_handle_voltage		CODE           	082C	0000	428
		_delay_ms      		CODE           	1F27	0000	29
		_check_RX_Data 		CODE           	1F62	0000	31

main.c estimated size: 1072

/Applications/microchip/xc8/v2.50/pic/sources/c99/common/doprnt.c
		_read_prec_or_width		CODE           	122B	0000	93
		_vfpfcnvrt     		CODE           	154A	0000	274
		_efgtoa        		CODE           	0079	0000	1722
		_pad           		CODE           	10DC	0000	52
		_vfprintf      		CODE           	1F44	0000	30

/Applications/microchip/xc8/v2.50/pic/sources/c99/common/doprnt.c estimated size: 2171

/Applications/microchip/xc8/v2.50/pic/sources/c99/common/flge.c
		___flge        		CODE           	13D4	0000	139

/Applications/microchip/xc8/v2.50/pic/sources/c99/common/flge.c estimated size: 139

/Applications/microchip/xc8/v2.50/pic/sources/c99/common/memcpy.c
		_memcpy        		CODE           	1066	0000	35

/Applications/microchip/xc8/v2.50/pic/sources/c99/common/memcpy.c estimated size: 35

/Applications/microchip/xc8/v2.50/pic/sources/c99/common/sprcdiv.c
		___fldiv       		CODE           	165C	0000	420

/Applications/microchip/xc8/v2.50/pic/sources/c99/common/sprcdiv.c estimated size: 420

mcc_generated_files/system/src/system.c
		_SYSTEM_Initialize		CODE           	1EA1	0000	19

mcc_generated_files/system/src/system.c estimated size: 19

